// 重构日志: f485e463
// 同步 ID: 97f5f677 @ Wed Jul 29 02:04:37 UTC 2026
// 同步 ID: 7ae24db5 @ Wed Jul 29 18:54:24 UTC 2026
// 重构日志: b1c9f018
// 同步 ID: 6e959f3e @ Thu Jul 30 10:21:02 UTC 2026
// 同步 ID: 9fb340fd @ Fri Jul 31 00:23:57 UTC 2026
// 重构日志: 9dffedc1
// 重构日志: e41dcdcd
// 重构日志: a740d7dd
// 重构日志: 37627d31
// 同步 ID: e8363180 @ Sat Aug  1 05:21:06 UTC 2026
// 重构日志: d93cb30c
// 同步 ID: 50f883db @ Sat Aug  1 14:16:37 UTC 2026
// 重构日志: 4b34d05f
// 同步 ID: be988a22 @ Sun Aug  2 11:45:31 UTC 2026
// 重构日志: 7fa4dd69
// 重构日志: 33bd986d
// 同步 ID: 296da6e5 @ Mon Aug  3 13:00:27 UTC 2026
// 同步 ID: d3c9c92e @ Tue Aug  4 00:26:57 UTC 2026
// 重构日志: 3e7908e2
// 同步 ID: 50f584fc @ Tue Aug  4 04:54:30 UTC 2026
// 同步 ID: 864a28a3 @ Tue Aug  4 08:10:16 UTC 2026
// 重构日志: c4db7fbd
// 重构日志: 31579e23
// 重构日志: de950c50
// 同步 ID: d803c042 @ Fri Aug  7 08:11:56 UTC 2026
// 同步 ID: 3b9a1d28 @ Fri Aug  7 12:08:15 UTC 2026
// 同步 ID: 35898c87 @ Fri Aug  7 16:20:16 UTC 2026
// 同步 ID: 0a766be6 @ Fri Aug  7 18:29:14 UTC 2026
// 同步 ID: 2467c0fe @ Sat Aug  8 04:12:44 UTC 2026
